{"role":"assistant","content":[{"type":"text","text":"Hi"}],"api":"anthropic-messages","provider":"anthropic","usage":{"input":100,"output":5,"cacheRead":0,"cacheWrite":1000000,"totalTokens":1000105,"cost":{"input":0.0005,"output":0.000125,"cacheRead":0,"cacheWrite":7.75,"total":7.750625},"cacheWrite1h":400000},"stopReason":"stop","timestamp":0,"responseId":"msg_test","rawStopReason":"end_turn"}