{"role":"assistant","content":[],"api":"anthropic-messages","provider":"anthropic","model":"claude-fable-5","usage":{"input":412,"output":0,"cacheRead":0,"cacheWrite":0,"totalTokens":412,"cost":{"input":0.00412,"output":0,"cacheRead":0,"cacheWrite":0,"total":0.00412},"cacheWrite1h":0},"stopReason":"error","timestamp":0,"responseId":"msg_01XFUDYJgAACzvnptvVoYEL","errorMessage":"This request triggered restrictions on violative cyber content and was blocked under Anthropic's Usage Policy. To learn more, provide feedback, or request an exemption based on how you use Claude, visit our help center: https://support.claude.com/en/articles/14604842-real-time-cyber-safeguards-on-claude."}